// Jest Snapshot v1, https://goo.gl/fbAQLP

exports[`Lyrics displays song and its lyrics 1`] = `
<section>
  <h4>
    is this the right format
  </h4>
  <h6>
    is this the right format
  </h6>
</section>
`;
